Total messages: 82 (Errors: 17, Warnings: 9)

[LOG] Amplitude instance loaded from initAmpliInstance {init: , add: , remove: , track: , logEvent: } @ https://www.furnishedfinder.com/web-static/assets/v2.157.1/_next/static/chunks/1027-500b43ac1e18defb.js:9
[WARNING] Amplitude Logger [Warn]: Plugin with name @amplitude/plugin-page-url-enrichment-browser already exists, skipping registration @ https://www.furnishedfinder.com/web-static/assets/v2.157.1/_next/static/chunks/1027-500b43ac1e18defb.js:9
[ERROR] Attestation check for Attribution Reporting on https://www.facebook.com failed. @ https://www.furnishedfinder.com/:0
[WARNING] [Amplitude] Setup promise not initialized @ https://www.furnishedfinder.com/web-ecom/assets/v2.202.2/_next/static/chunks/8940-8b7a2204f2feb888.js:20
[LOG] Amplitude instance loaded from initAmpliInstance {init: , add: , remove: , track: , logEvent: } @ https://www.furnishedfinder.com/web-ecom/assets/v2.202.2/_next/static/chunks/8940-8b7a2204f2feb888.js:20
[ERROR] Attestation check for Attribution Reporting on https://www.facebook.com failed. @ https://www.furnishedfinder.com/list-your-property:0
[WARNING] Amplitude Logger [Warn]: Plugin with name @amplitude/plugin-page-url-enrichment-browser already exists, skipping registration @ https://www.furnishedfinder.com/web-ecom/assets/v2.202.2/_next/static/chunks/8940-8b7a2204f2feb888.js:20
[LOG] Download the Apollo DevTools for a better development experience: %s https://chrome.google.com/webstore/detail/apollo-client-developer-t/jdkknkkbebbapilgoeccciglkfbmbnfm @ https://www.furnishedfinder.com/web-ecom/assets/v2.202.2/_next/static/chunks/8940-8b7a2204f2feb888.js:20
[WARNING] [Meta Pixel] - You are sending a non-standard event 'List Your Property Step 1'. The preferred way to send these events is using trackCustom. See 'https://developers.facebook.com/docs/ads-for-websites/pixel-events/#events' for more information. @ https://www.furnishedfinder.com/web-ecom/assets/v2.202.2/_next/static/chunks/8940-8b7a2204f2feb888.js:20
[ERROR] Attestation check for Attribution Reporting on https://www.facebook.com failed. @ https://www.furnishedfinder.com/list-your-property:0
[ERROR] Attestation check for Attribution Reporting on https://www.google-analytics.com failed. @ https://www.furnishedfinder.com/list-your-property:0
[INFO] Element is ready! (#payment-component) @ https://www.furnishedfinder.com/web-ecom/assets/v2.202.2/_next/static/chunks/8940-8b7a2204f2feb888.js:20
[ERROR] Attestation check for Attribution Reporting on https://www.facebook.com failed. @ https://www.furnishedfinder.com/lyp-payment-v2:0
[WARNING] No token found. @ https://www.furnishedfinder.com/web-ecom/assets/v2.202.2/_next/static/chunks/8940-8b7a2204f2feb888.js:20
[LOG] Chargebee SDK already on window @ https://www.furnishedfinder.com/web-ecom/assets/v2.202.2/_next/static/chunks/8940-8b7a2204f2feb888.js:20
[INFO] Element is ready! (#payment-component) @ https://www.furnishedfinder.com/web-ecom/assets/v2.202.2/_next/static/chunks/8940-8b7a2204f2feb888.js:20
[INFO] Element is ready! (#payment-component) @ https://www.furnishedfinder.com/web-ecom/assets/v2.202.2/_next/static/chunks/8940-8b7a2204f2feb888.js:20
[INFO] Element is ready! (#payment-component) @ https://www.furnishedfinder.com/web-ecom/assets/v2.202.2/_next/static/chunks/8940-8b7a2204f2feb888.js:20
[WARNING] Allow attribute will take precedence over 'allowpaymentrequest'. @ https://js.chargebee.com/v2/chargebee.js:1
[INFO] Element is ready! (#payment-component) @ https://www.furnishedfinder.com/web-ecom/assets/v2.202.2/_next/static/chunks/8940-8b7a2204f2feb888.js:20
[INFO] Element is ready! (#payment-component) @ https://www.furnishedfinder.com/web-ecom/assets/v2.202.2/_next/static/chunks/8940-8b7a2204f2feb888.js:20
[INFO] [Chargebee] Payment method changed: card @ https://www.furnishedfinder.com/web-ecom/assets/v2.202.2/_next/static/chunks/8940-8b7a2204f2feb888.js:20
[ERROR] Failed to load resource: the server responded with a status of 429 () @ https://o252526.ingest.us.sentry.io/api/4507984744349696/envelope/?sentry_version=7&sentry_key=f74d00cb3a49e01646e6a09c4cd4f885&sentry_client=sentry.javascript.nextjs%2F8.54.0:0
[WARNING] Amplitude Logger [Warn]: Error while capturing replay:  SecurityError: Failed to read a named property 'removeEventListener' from 'Window': An attempt was made to break through the security policy of the user agent. @ https://www.furnishedfinder.com/web-ecom/assets/v2.202.2/_next/static/chunks/8940-8b7a2204f2feb888.js:20
[INFO] Element is ready! (#payment-component) @ https://www.furnishedfinder.com/web-ecom/assets/v2.202.2/_next/static/chunks/8940-8b7a2204f2feb888.js:20
[INFO] Chargebee form is valid, proceeding with payment... @ https://www.furnishedfinder.com/web-ecom/assets/v2.202.2/_next/static/chunks/8940-8b7a2204f2feb888.js:20
[INFO] Element is ready! (#payment-component) @ https://www.furnishedfinder.com/web-ecom/assets/v2.202.2/_next/static/chunks/8940-8b7a2204f2feb888.js:20
[INFO] Authorization success! {id: AzZTXlVDPPmaI3HoA8rpYUD2svcuQjcNcdq86pNBjahb8MgUpv, status: authorized, amount: 19900, gateway_account_id: gw_16CUrVUo1HFpj4FkX, expires_at: 1773094383} @ https://www.furnishedfinder.com/web-ecom/assets/v2.202.2/_next/static/chunks/8940-8b7a2204f2feb888.js:20
[INFO] Element is ready! (#payment-component) @ https://www.furnishedfinder.com/web-ecom/assets/v2.202.2/_next/static/chunks/8940-8b7a2204f2feb888.js:20
[INFO] Element is ready! (#payment-component) @ https://www.furnishedfinder.com/web-ecom/assets/v2.202.2/_next/static/chunks/8940-8b7a2204f2feb888.js:20
[INFO] Element is ready! (#payment-component) @ https://www.furnishedfinder.com/web-ecom/assets/v2.202.2/_next/static/chunks/8940-8b7a2204f2feb888.js:20
[INFO] Element is ready! (#payment-component) @ https://www.furnishedfinder.com/web-ecom/assets/v2.202.2/_next/static/chunks/8940-8b7a2204f2feb888.js:20
[INFO] [triggerPaymentTrackingEvents] FF Purchase event triggered @ https://www.furnishedfinder.com/web-ecom/assets/v2.202.2/_next/static/chunks/8940-8b7a2204f2feb888.js:20
[INFO] Element is ready! (#payment-component) @ https://www.furnishedfinder.com/web-ecom/assets/v2.202.2/_next/static/chunks/8940-8b7a2204f2feb888.js:20
[INFO] Element is ready! (#payment-component) @ https://www.furnishedfinder.com/web-ecom/assets/v2.202.2/_next/static/chunks/8940-8b7a2204f2feb888.js:20
[INFO] Element is ready! (#payment-component) @ https://www.furnishedfinder.com/web-ecom/assets/v2.202.2/_next/static/chunks/8940-8b7a2204f2feb888.js:20
[INFO] Element is ready! (#payment-component) @ https://www.furnishedfinder.com/web-ecom/assets/v2.202.2/_next/static/chunks/8940-8b7a2204f2feb888.js:20
[INFO] Element is ready! (#payment-component) @ https://www.furnishedfinder.com/web-ecom/assets/v2.202.2/_next/static/chunks/8940-8b7a2204f2feb888.js:20
[INFO] Element is ready! (#payment-component) @ https://www.furnishedfinder.com/web-ecom/assets/v2.202.2/_next/static/chunks/8940-8b7a2204f2feb888.js:20
[INFO] Element is ready! (#payment-component) @ https://www.furnishedfinder.com/web-ecom/assets/v2.202.2/_next/static/chunks/8940-8b7a2204f2feb888.js:20
[ERROR] Attestation check for Attribution Reporting on https://www.facebook.com failed. @ https://www.furnishedfinder.com/lyp-payment-v2:0
[ERROR] Attestation check for Attribution Reporting on https://www.facebook.com failed. @ https://www.furnishedfinder.com/lyp-payment-v2:0
[ERROR] Attestation check for Attribution Reporting on https://www.google-analytics.com failed. @ https://www.furnishedfinder.com/lyp-payment-v2:0
[INFO] Element is ready! (#payment-component) @ https://www.furnishedfinder.com/web-ecom/assets/v2.202.2/_next/static/chunks/8940-8b7a2204f2feb888.js:20
[INFO] Element is ready! (#payment-component) @ https://www.furnishedfinder.com/web-ecom/assets/v2.202.2/_next/static/chunks/8940-8b7a2204f2feb888.js:20
[INFO] Element is ready! (#payment-component) @ https://www.furnishedfinder.com/web-ecom/assets/v2.202.2/_next/static/chunks/8940-8b7a2204f2feb888.js:20
[INFO] [triggerPaymentTrackingEvents] Submitted Payment For Subscription event triggered @ https://www.furnishedfinder.com/web-ecom/assets/v2.202.2/_next/static/chunks/8940-8b7a2204f2feb888.js:20
[INFO] Element is ready! (#payment-component) @ https://www.furnishedfinder.com/web-ecom/assets/v2.202.2/_next/static/chunks/8940-8b7a2204f2feb888.js:20
[INFO] Element is ready! (#payment-component) @ https://www.furnishedfinder.com/web-ecom/assets/v2.202.2/_next/static/chunks/8940-8b7a2204f2feb888.js:20
[INFO] Element is ready! (#payment-component) @ https://www.furnishedfinder.com/web-ecom/assets/v2.202.2/_next/static/chunks/8940-8b7a2204f2feb888.js:20
[WARNING] [Amplitude] Setup promise not initialized @ https://www.furnishedfinder.com/web-ecom/assets/v2.202.2/_next/static/chunks/8940-8b7a2204f2feb888.js:20
[LOG] Amplitude instance loaded from initAmpliInstance {init: , add: , remove: , track: , logEvent: } @ https://www.furnishedfinder.com/web-ecom/assets/v2.202.2/_next/static/chunks/8940-8b7a2204f2feb888.js:20
[WARNING] Amplitude Logger [Warn]: Plugin with name @amplitude/plugin-page-url-enrichment-browser already exists, skipping registration @ https://www.furnishedfinder.com/web-ecom/assets/v2.202.2/_next/static/chunks/8940-8b7a2204f2feb888.js:20
[ERROR] Attestation check for Attribution Reporting on https://www.facebook.com failed. @ https://www.furnishedfinder.com/members/listing-setup?p=TEMP2739073:0
[INFO] {message: using amplitude deployment key, keyName: ff-web-prod-client} @ :57
[VERBOSE] [DOM] Input elements should have autocomplete attributes (suggested: "new-password"): (More info: https://goo.gl/9p2vKq) %o @ https://www.furnishedfinder.com/members/edit-property?p=TEMP2739073:0
[ERROR] Error fetching sidebar feature flags: Error: Expected "Experiment" (for Amplitude experiment SDK) to be globally defined
    at loadAmplitudeExperimentSDK (<anonymous>:20:9)
    at <anonymous>:128:31
    at retryWithBackoff (<anonymous>:111:28)
    at getFeatureFlagSidebar (<anonymous>:125:19)
    at HTMLDocument.<anonymous> (<anonymous>:35:19)
    at e (https://code.jquery.com/jquery-3.4.1.min.js:2:29453)
    at t (https://code.jquery.com/jquery-3.4.1.min.js:2:29755) @ :138
[LOG] url https://www.furnishedfinder.com/members/edit-property?p=TEMP2739073 @ :8
[ERROR] Attestation check for Attribution Reporting on https://www.facebook.com failed. @ https://www.furnishedfinder.com/members/edit-property?p=TEMP2739073:0
[LOG] Lload @ https://www.furnishedfinder.com/js/main.js?v=118:2212
[LOG] isMigrated 0 @ :101
[LOG] isEligible 1 @ :102
[LOG] isDocumentsNextgenProd false @ :103
[INFO] {message: using amplitude deployment key, keyName: ff-web-prod-client} @ :57
[VERBOSE] [DOM] Input elements should have autocomplete attributes (suggested: "new-password"): (More info: https://goo.gl/9p2vKq) %o @ https://www.furnishedfinder.com/members/PM/Edit-location?p=TEMP2739073:0
[ERROR] Attestation check for Attribution Reporting on https://www.facebook.com failed. @ https://www.furnishedfinder.com/members/PM/Edit-location?p=TEMP2739073:0
[LOG] url https://www.furnishedfinder.com/members/PM/Edit-location?p=TEMP2739073 @ :8
[INFO] {message: window.experiment has been loaded} @ :35
[LOG] isMigrated 0 @ :101
[LOG] isEligible 1 @ :102
[LOG] isDocumentsNextgenProd true @ :103
[LOG] isDocumentsNextgenProd and isEligible is true, show DocsLeasesOnFfLink @ :111
[LOG] Lload @ https://www.furnishedfinder.com/js/main.js?v=118:2212
[VERBOSE] Rendering was performed in a subtree hidden by content-visibility. @ https://maps.googleapis.com/maps-api-v3/api/js/64/3a/marker.js:2
[INFO] {message: using amplitude deployment key, keyName: ff-web-prod-client} @ :57
[ERROR] Error fetching sidebar feature flags: Error: Expected "Experiment" (for Amplitude experiment SDK) to be globally defined
    at loadAmplitudeExperimentSDK (<anonymous>:20:9)
    at <anonymous>:129:31
    at retryWithBackoff (<anonymous>:112:28)
    at getFeatureFlagSidebar (<anonymous>:126:19)
    at HTMLDocument.<anonymous> (<anonymous>:36:15)
    at e (https://code.jquery.com/jquery-3.7.1.min.js:2:27028)
    at t (https://code.jquery.com/jquery-3.7.1.min.js:2:27330) @ :139
[LOG] url https://www.furnishedfinder.com/members/PM/Edit-details?p=TEMP2739073 @ :8
[VERBOSE] [DOM] Input elements should have autocomplete attributes (suggested: "new-password"): (More info: https://goo.gl/9p2vKq) %o @ https://www.furnishedfinder.com/members/PM/Edit-details?p=TEMP2739073:0
[ERROR] Attestation check for Attribution Reporting on https://www.facebook.com failed. @ https://www.furnishedfinder.com/members/PM/Edit-details?p=TEMP2739073:0
[ERROR] Attestation check for Attribution Reporting on https://www.facebook.com failed. @ https://www.furnishedfinder.com/members/PM/Edit-details?p=TEMP2739073_1:0
[LOG] Lload @ https://www.furnishedfinder.com/js/main.js?v=118:2212
TypeError: Cannot read properties of undefined (reading 'variant')
    at GrabFeatureFlagSidebar (<anonymous>:48:56)