[  697228ms] [WARNING] Unsupported prop change on Elements: You cannot change the `stripe` prop after setting it. @ https://www.cdnw1.houfy.com/69d94904-d7b9-464d-8404-1a91f5029d05/_next/static/chunks/4284-bf899285ef1cefd2.js:0
[  697381ms] [WARNING] Unsupported prop change on Elements: You cannot change the `stripe` prop after setting it. @ https://www.cdnw1.houfy.com/69d94904-d7b9-464d-8404-1a91f5029d05/_next/static/chunks/4284-bf899285ef1cefd2.js:0
[  787229ms] [WARNING] Unsupported prop change on Elements: You cannot change the `stripe` prop after setting it. @ https://www.cdnw1.houfy.com/69d94904-d7b9-464d-8404-1a91f5029d05/_next/static/chunks/4284-bf899285ef1cefd2.js:0
[  787247ms] [WARNING] Unsupported prop change on Elements: You cannot change the `stripe` prop after setting it. @ https://www.cdnw1.houfy.com/69d94904-d7b9-464d-8404-1a91f5029d05/_next/static/chunks/4284-bf899285ef1cefd2.js:0
[  787257ms] [WARNING] Unsupported prop change on Elements: You cannot change the `stripe` prop after setting it. @ https://www.cdnw1.houfy.com/69d94904-d7b9-464d-8404-1a91f5029d05/_next/static/chunks/4284-bf899285ef1cefd2.js:0
[  787268ms] [WARNING] Unsupported prop change on Elements: You cannot change the `stripe` prop after setting it. @ https://www.cdnw1.houfy.com/69d94904-d7b9-464d-8404-1a91f5029d05/_next/static/chunks/4284-bf899285ef1cefd2.js:0
[  787279ms] [WARNING] Unsupported prop change on Elements: You cannot change the `stripe` prop after setting it. @ https://www.cdnw1.houfy.com/69d94904-d7b9-464d-8404-1a91f5029d05/_next/static/chunks/4284-bf899285ef1cefd2.js:0
[  886333ms] [WARNING] Unsupported prop change on Elements: You cannot change the `stripe` prop after setting it. @ https://www.cdnw1.houfy.com/69d94904-d7b9-464d-8404-1a91f5029d05/_next/static/chunks/4284-bf899285ef1cefd2.js:0
[ 1176617ms] [WARNING] Unsupported prop change on Elements: You cannot change the `stripe` prop after setting it. @ https://www.cdnw1.houfy.com/69d94904-d7b9-464d-8404-1a91f5029d05/_next/static/chunks/4284-bf899285ef1cefd2.js:0
[ 1193371ms] [WARNING] Unsupported prop change on Elements: You cannot change the `stripe` prop after setting it. @ https://www.cdnw1.houfy.com/69d94904-d7b9-464d-8404-1a91f5029d05/_next/static/chunks/4284-bf899285ef1cefd2.js:0
[ 1468047ms] [WARNING] Unsupported prop change on Elements: You cannot change the `stripe` prop after setting it. @ https://www.cdnw1.houfy.com/69d94904-d7b9-464d-8404-1a91f5029d05/_next/static/chunks/4284-bf899285ef1cefd2.js:0
[ 1537888ms] [WARNING] Unsupported prop change on Elements: You cannot change the `stripe` prop after setting it. @ https://www.cdnw1.houfy.com/69d94904-d7b9-464d-8404-1a91f5029d05/_next/static/chunks/4284-bf899285ef1cefd2.js:0
[ 1544115ms] [WARNING] Unsupported prop change on Elements: You cannot change the `stripe` prop after setting it. @ https://www.cdnw1.houfy.com/69d94904-d7b9-464d-8404-1a91f5029d05/_next/static/chunks/4284-bf899285ef1cefd2.js:0
[ 1544233ms] [WARNING] Unsupported prop change on Elements: You cannot change the `stripe` prop after setting it. @ https://www.cdnw1.houfy.com/69d94904-d7b9-464d-8404-1a91f5029d05/_next/static/chunks/4284-bf899285ef1cefd2.js:0
[ 1544339ms] [WARNING] Unsupported prop change on Elements: You cannot change the `stripe` prop after setting it. @ https://www.cdnw1.houfy.com/69d94904-d7b9-464d-8404-1a91f5029d05/_next/static/chunks/4284-bf899285ef1cefd2.js:0
[ 1544432ms] [WARNING] Unsupported prop change on Elements: You cannot change the `stripe` prop after setting it. @ https://www.cdnw1.houfy.com/69d94904-d7b9-464d-8404-1a91f5029d05/_next/static/chunks/4284-bf899285ef1cefd2.js:0
[ 1544761ms] [WARNING] Unsupported prop change on Elements: You cannot change the `stripe` prop after setting it. @ https://www.cdnw1.houfy.com/69d94904-d7b9-464d-8404-1a91f5029d05/_next/static/chunks/4284-bf899285ef1cefd2.js:0
[ 1544969ms] [WARNING] Unsupported prop change on Elements: You cannot change the `stripe` prop after setting it. @ https://www.cdnw1.houfy.com/69d94904-d7b9-464d-8404-1a91f5029d05/_next/static/chunks/4284-bf899285ef1cefd2.js:0
[ 1545074ms] [WARNING] Unsupported prop change on Elements: You cannot change the `stripe` prop after setting it. @ https://www.cdnw1.houfy.com/69d94904-d7b9-464d-8404-1a91f5029d05/_next/static/chunks/4284-bf899285ef1cefd2.js:0
[ 1545223ms] [WARNING] Unsupported prop change on Elements: You cannot change the `stripe` prop after setting it. @ https://www.cdnw1.houfy.com/69d94904-d7b9-464d-8404-1a91f5029d05/_next/static/chunks/4284-bf899285ef1cefd2.js:0
[ 1545389ms] [WARNING] Unsupported prop change on Elements: You cannot change the `stripe` prop after setting it. @ https://www.cdnw1.houfy.com/69d94904-d7b9-464d-8404-1a91f5029d05/_next/static/chunks/4284-bf899285ef1cefd2.js:0
[ 1545448ms] [WARNING] Unsupported prop change on Elements: You cannot change the `stripe` prop after setting it. @ https://www.cdnw1.houfy.com/69d94904-d7b9-464d-8404-1a91f5029d05/_next/static/chunks/4284-bf899285ef1cefd2.js:0
[ 1545539ms] [WARNING] Unsupported prop change on Elements: You cannot change the `stripe` prop after setting it. @ https://www.cdnw1.houfy.com/69d94904-d7b9-464d-8404-1a91f5029d05/_next/static/chunks/4284-bf899285ef1cefd2.js:0
[ 1545689ms] [WARNING] Unsupported prop change on Elements: You cannot change the `stripe` prop after setting it. @ https://www.cdnw1.houfy.com/69d94904-d7b9-464d-8404-1a91f5029d05/_next/static/chunks/4284-bf899285ef1cefd2.js:0
[ 1545856ms] [WARNING] Unsupported prop change on Elements: You cannot change the `stripe` prop after setting it. @ https://www.cdnw1.houfy.com/69d94904-d7b9-464d-8404-1a91f5029d05/_next/static/chunks/4284-bf899285ef1cefd2.js:0
[ 1545898ms] [WARNING] Unsupported prop change on Elements: You cannot change the `stripe` prop after setting it. @ https://www.cdnw1.houfy.com/69d94904-d7b9-464d-8404-1a91f5029d05/_next/static/chunks/4284-bf899285ef1cefd2.js:0
[ 1546006ms] [WARNING] Unsupported prop change on Elements: You cannot change the `stripe` prop after setting it. @ https://www.cdnw1.houfy.com/69d94904-d7b9-464d-8404-1a91f5029d05/_next/static/chunks/4284-bf899285ef1cefd2.js:0
[ 1546154ms] [WARNING] Unsupported prop change on Elements: You cannot change the `stripe` prop after setting it. @ https://www.cdnw1.houfy.com/69d94904-d7b9-464d-8404-1a91f5029d05/_next/static/chunks/4284-bf899285ef1cefd2.js:0
[ 1546318ms] [WARNING] Unsupported prop change on Elements: You cannot change the `stripe` prop after setting it. @ https://www.cdnw1.houfy.com/69d94904-d7b9-464d-8404-1a91f5029d05/_next/static/chunks/4284-bf899285ef1cefd2.js:0
[ 1546483ms] [WARNING] Unsupported prop change on Elements: You cannot change the `stripe` prop after setting it. @ https://www.cdnw1.houfy.com/69d94904-d7b9-464d-8404-1a91f5029d05/_next/static/chunks/4284-bf899285ef1cefd2.js:0
[ 1546589ms] [WARNING] Unsupported prop change on Elements: You cannot change the `stripe` prop after setting it. @ https://www.cdnw1.houfy.com/69d94904-d7b9-464d-8404-1a91f5029d05/_next/static/chunks/4284-bf899285ef1cefd2.js:0
[ 1547056ms] [WARNING] Unsupported prop change on Elements: You cannot change the `stripe` prop after setting it. @ https://www.cdnw1.houfy.com/69d94904-d7b9-464d-8404-1a91f5029d05/_next/static/chunks/4284-bf899285ef1cefd2.js:0
[ 1550481ms] [WARNING] Unsupported prop change on Elements: You cannot change the `stripe` prop after setting it. @ https://www.cdnw1.houfy.com/69d94904-d7b9-464d-8404-1a91f5029d05/_next/static/chunks/4284-bf899285ef1cefd2.js:0
[ 1556593ms] [WARNING] Unsupported prop change on Elements: You cannot change the `stripe` prop after setting it. @ https://www.cdnw1.houfy.com/69d94904-d7b9-464d-8404-1a91f5029d05/_next/static/chunks/4284-bf899285ef1cefd2.js:0
[ 1556714ms] [WARNING] Unsupported prop change on Elements: You cannot change the `stripe` prop after setting it. @ https://www.cdnw1.houfy.com/69d94904-d7b9-464d-8404-1a91f5029d05/_next/static/chunks/4284-bf899285ef1cefd2.js:0
[ 1556923ms] [WARNING] Unsupported prop change on Elements: You cannot change the `stripe` prop after setting it. @ https://www.cdnw1.houfy.com/69d94904-d7b9-464d-8404-1a91f5029d05/_next/static/chunks/4284-bf899285ef1cefd2.js:0
[ 1557074ms] [WARNING] Unsupported prop change on Elements: You cannot change the `stripe` prop after setting it. @ https://www.cdnw1.houfy.com/69d94904-d7b9-464d-8404-1a91f5029d05/_next/static/chunks/4284-bf899285ef1cefd2.js:0
[ 1557164ms] [WARNING] Unsupported prop change on Elements: You cannot change the `stripe` prop after setting it. @ https://www.cdnw1.houfy.com/69d94904-d7b9-464d-8404-1a91f5029d05/_next/static/chunks/4284-bf899285ef1cefd2.js:0
[ 1557239ms] [WARNING] Unsupported prop change on Elements: You cannot change the `stripe` prop after setting it. @ https://www.cdnw1.houfy.com/69d94904-d7b9-464d-8404-1a91f5029d05/_next/static/chunks/4284-bf899285ef1cefd2.js:0
[ 1557299ms] [WARNING] Unsupported prop change on Elements: You cannot change the `stripe` prop after setting it. @ https://www.cdnw1.houfy.com/69d94904-d7b9-464d-8404-1a91f5029d05/_next/static/chunks/4284-bf899285ef1cefd2.js:0
[ 1563085ms] [WARNING] Unsupported prop change on Elements: You cannot change the `stripe` prop after setting it. @ https://www.cdnw1.houfy.com/69d94904-d7b9-464d-8404-1a91f5029d05/_next/static/chunks/4284-bf899285ef1cefd2.js:0
[ 1570235ms] [WARNING] Unsupported prop change on Elements: You cannot change the `stripe` prop after setting it. @ https://www.cdnw1.houfy.com/69d94904-d7b9-464d-8404-1a91f5029d05/_next/static/chunks/4284-bf899285ef1cefd2.js:0
[ 1571503ms] Uncaught Error: Minified React error #425; visit https://reactjs.org/docs/error-decoder.html?invariant=425 for the full message or use the non-minified dev environment for full errors and additional helpful warnings.
    at rh (https://www.cdnw1.houfy.com/69d94904-d7b9-464d-8404-1a91f5029d05/_next/static/chunks/framework-5b48c8dcdc5a1d8b.js:0:40259)
    at <anonymous> (https://www.cdnw1.houfy.com/69d94904-d7b9-464d-8404-1a91f5029d05/_next/static/chunks/framework-5b48c8dcdc5a1d8b.js:0:100638)
    at uI (https://www.cdnw1.houfy.com/69d94904-d7b9-464d-8404-1a91f5029d05/_next/static/chunks/framework-5b48c8dcdc5a1d8b.js:0:106147)
    at uM (https://www.cdnw1.houfy.com/69d94904-d7b9-464d-8404-1a91f5029d05/_next/static/chunks/framework-5b48c8dcdc5a1d8b.js:0:99097)
    at uL (https://www.cdnw1.houfy.com/69d94904-d7b9-464d-8404-1a91f5029d05/_next/static/chunks/framework-5b48c8dcdc5a1d8b.js:0:98907)
    at uw (https://www.cdnw1.houfy.com/69d94904-d7b9-464d-8404-1a91f5029d05/_next/static/chunks/framework-5b48c8dcdc5a1d8b.js:0:93980)
    at x (https://www.cdnw1.houfy.com/69d94904-d7b9-464d-8404-1a91f5029d05/_next/static/chunks/framework-5b48c8dcdc5a1d8b.js:0:199543)
    at R (https://www.cdnw1.houfy.com/69d94904-d7b9-464d-8404-1a91f5029d05/_next/static/chunks/framework-5b48c8dcdc5a1d8b.js:0:200073)
[ 1571504ms] Uncaught Error: Minified React error #418; visit https://reactjs.org/docs/error-decoder.html?invariant=418 for the full message or use the non-minified dev environment for full errors and additional helpful warnings.
    at am (https://www.cdnw1.houfy.com/69d94904-d7b9-464d-8404-1a91f5029d05/_next/static/chunks/framework-5b48c8dcdc5a1d8b.js:0:46550)
    at i (https://www.cdnw1.houfy.com/69d94904-d7b9-464d-8404-1a91f5029d05/_next/static/chunks/framework-5b48c8dcdc5a1d8b.js:0:121053)
    at uM (https://www.cdnw1.houfy.com/69d94904-d7b9-464d-8404-1a91f5029d05/_next/static/chunks/framework-5b48c8dcdc5a1d8b.js:0:99037)
    at uL (https://www.cdnw1.houfy.com/69d94904-d7b9-464d-8404-1a91f5029d05/_next/static/chunks/framework-5b48c8dcdc5a1d8b.js:0:98907)
    at uw (https://www.cdnw1.houfy.com/69d94904-d7b9-464d-8404-1a91f5029d05/_next/static/chunks/framework-5b48c8dcdc5a1d8b.js:0:93980)
    at x (https://www.cdnw1.houfy.com/69d94904-d7b9-464d-8404-1a91f5029d05/_next/static/chunks/framework-5b48c8dcdc5a1d8b.js:0:199543)
    at R (https://www.cdnw1.houfy.com/69d94904-d7b9-464d-8404-1a91f5029d05/_next/static/chunks/framework-5b48c8dcdc5a1d8b.js:0:200073)
[ 1571504ms] Uncaught Error: Minified React error #418; visit https://reactjs.org/docs/error-decoder.html?invariant=418 for the full message or use the non-minified dev environment for full errors and additional helpful warnings.
    at am (https://www.cdnw1.houfy.com/69d94904-d7b9-464d-8404-1a91f5029d05/_next/static/chunks/framework-5b48c8dcdc5a1d8b.js:0:46550)
    at i (https://www.cdnw1.houfy.com/69d94904-d7b9-464d-8404-1a91f5029d05/_next/static/chunks/framework-5b48c8dcdc5a1d8b.js:0:121053)
    at uM (https://www.cdnw1.houfy.com/69d94904-d7b9-464d-8404-1a91f5029d05/_next/static/chunks/framework-5b48c8dcdc5a1d8b.js:0:99037)
    at uL (https://www.cdnw1.houfy.com/69d94904-d7b9-464d-8404-1a91f5029d05/_next/static/chunks/framework-5b48c8dcdc5a1d8b.js:0:98907)
    at uw (https://www.cdnw1.houfy.com/69d94904-d7b9-464d-8404-1a91f5029d05/_next/static/chunks/framework-5b48c8dcdc5a1d8b.js:0:93980)
    at x (https://www.cdnw1.houfy.com/69d94904-d7b9-464d-8404-1a91f5029d05/_next/static/chunks/framework-5b48c8dcdc5a1d8b.js:0:199543)
    at R (https://www.cdnw1.houfy.com/69d94904-d7b9-464d-8404-1a91f5029d05/_next/static/chunks/framework-5b48c8dcdc5a1d8b.js:0:200073)
[ 1571504ms] Uncaught Error: Minified React error #418; visit https://reactjs.org/docs/error-decoder.html?invariant=418 for the full message or use the non-minified dev environment for full errors and additional helpful warnings.
    at am (https://www.cdnw1.houfy.com/69d94904-d7b9-464d-8404-1a91f5029d05/_next/static/chunks/framework-5b48c8dcdc5a1d8b.js:0:46550)
    at i (https://www.cdnw1.houfy.com/69d94904-d7b9-464d-8404-1a91f5029d05/_next/static/chunks/framework-5b48c8dcdc5a1d8b.js:0:121053)
    at uM (https://www.cdnw1.houfy.com/69d94904-d7b9-464d-8404-1a91f5029d05/_next/static/chunks/framework-5b48c8dcdc5a1d8b.js:0:99037)
    at uL (https://www.cdnw1.houfy.com/69d94904-d7b9-464d-8404-1a91f5029d05/_next/static/chunks/framework-5b48c8dcdc5a1d8b.js:0:98907)
    at uw (https://www.cdnw1.houfy.com/69d94904-d7b9-464d-8404-1a91f5029d05/_next/static/chunks/framework-5b48c8dcdc5a1d8b.js:0:93980)
    at x (https://www.cdnw1.houfy.com/69d94904-d7b9-464d-8404-1a91f5029d05/_next/static/chunks/framework-5b48c8dcdc5a1d8b.js:0:199543)
    at R (https://www.cdnw1.houfy.com/69d94904-d7b9-464d-8404-1a91f5029d05/_next/static/chunks/framework-5b48c8dcdc5a1d8b.js:0:200073)
[ 1571504ms] Uncaught Error: Minified React error #418; visit https://reactjs.org/docs/error-decoder.html?invariant=418 for the full message or use the non-minified dev environment for full errors and additional helpful warnings.
    at am (https://www.cdnw1.houfy.com/69d94904-d7b9-464d-8404-1a91f5029d05/_next/static/chunks/framework-5b48c8dcdc5a1d8b.js:0:46550)
    at i (https://www.cdnw1.houfy.com/69d94904-d7b9-464d-8404-1a91f5029d05/_next/static/chunks/framework-5b48c8dcdc5a1d8b.js:0:121053)
    at uM (https://www.cdnw1.houfy.com/69d94904-d7b9-464d-8404-1a91f5029d05/_next/static/chunks/framework-5b48c8dcdc5a1d8b.js:0:99037)
    at uL (https://www.cdnw1.houfy.com/69d94904-d7b9-464d-8404-1a91f5029d05/_next/static/chunks/framework-5b48c8dcdc5a1d8b.js:0:98907)
    at uw (https://www.cdnw1.houfy.com/69d94904-d7b9-464d-8404-1a91f5029d05/_next/static/chunks/framework-5b48c8dcdc5a1d8b.js:0:93980)
    at x (https://www.cdnw1.houfy.com/69d94904-d7b9-464d-8404-1a91f5029d05/_next/static/chunks/framework-5b48c8dcdc5a1d8b.js:0:199543)
    at R (https://www.cdnw1.houfy.com/69d94904-d7b9-464d-8404-1a91f5029d05/_next/static/chunks/framework-5b48c8dcdc5a1d8b.js:0:200073)
[ 1571504ms] Uncaught Error: Minified React error #418; visit https://reactjs.org/docs/error-decoder.html?invariant=418 for the full message or use the non-minified dev environment for full errors and additional helpful warnings.
    at am (https://www.cdnw1.houfy.com/69d94904-d7b9-464d-8404-1a91f5029d05/_next/static/chunks/framework-5b48c8dcdc5a1d8b.js:0:46550)
    at i (https://www.cdnw1.houfy.com/69d94904-d7b9-464d-8404-1a91f5029d05/_next/static/chunks/framework-5b48c8dcdc5a1d8b.js:0:121053)
    at uM (https://www.cdnw1.houfy.com/69d94904-d7b9-464d-8404-1a91f5029d05/_next/static/chunks/framework-5b48c8dcdc5a1d8b.js:0:99037)
    at uL (https://www.cdnw1.houfy.com/69d94904-d7b9-464d-8404-1a91f5029d05/_next/static/chunks/framework-5b48c8dcdc5a1d8b.js:0:98907)
    at uw (https://www.cdnw1.houfy.com/69d94904-d7b9-464d-8404-1a91f5029d05/_next/static/chunks/framework-5b48c8dcdc5a1d8b.js:0:93980)
    at x (https://www.cdnw1.houfy.com/69d94904-d7b9-464d-8404-1a91f5029d05/_next/static/chunks/framework-5b48c8dcdc5a1d8b.js:0:199543)
    at R (https://www.cdnw1.houfy.com/69d94904-d7b9-464d-8404-1a91f5029d05/_next/static/chunks/framework-5b48c8dcdc5a1d8b.js:0:200073)
[ 1571505ms] Uncaught Error: Minified React error #418; visit https://reactjs.org/docs/error-decoder.html?invariant=418 for the full message or use the non-minified dev environment for full errors and additional helpful warnings.
    at am (https://www.cdnw1.houfy.com/69d94904-d7b9-464d-8404-1a91f5029d05/_next/static/chunks/framework-5b48c8dcdc5a1d8b.js:0:46550)
    at i (https://www.cdnw1.houfy.com/69d94904-d7b9-464d-8404-1a91f5029d05/_next/static/chunks/framework-5b48c8dcdc5a1d8b.js:0:121053)
    at uM (https://www.cdnw1.houfy.com/69d94904-d7b9-464d-8404-1a91f5029d05/_next/static/chunks/framework-5b48c8dcdc5a1d8b.js:0:99037)
    at uL (https://www.cdnw1.houfy.com/69d94904-d7b9-464d-8404-1a91f5029d05/_next/static/chunks/framework-5b48c8dcdc5a1d8b.js:0:98907)
    at uw (https://www.cdnw1.houfy.com/69d94904-d7b9-464d-8404-1a91f5029d05/_next/static/chunks/framework-5b48c8dcdc5a1d8b.js:0:93980)
    at x (https://www.cdnw1.houfy.com/69d94904-d7b9-464d-8404-1a91f5029d05/_next/static/chunks/framework-5b48c8dcdc5a1d8b.js:0:199543)
    at R (https://www.cdnw1.houfy.com/69d94904-d7b9-464d-8404-1a91f5029d05/_next/static/chunks/framework-5b48c8dcdc5a1d8b.js:0:200073)
[ 1571505ms] Uncaught Error: Minified React error #418; visit https://reactjs.org/docs/error-decoder.html?invariant=418 for the full message or use the non-minified dev environment for full errors and additional helpful warnings.
    at am (https://www.cdnw1.houfy.com/69d94904-d7b9-464d-8404-1a91f5029d05/_next/static/chunks/framework-5b48c8dcdc5a1d8b.js:0:46550)
    at i (https://www.cdnw1.houfy.com/69d94904-d7b9-464d-8404-1a91f5029d05/_next/static/chunks/framework-5b48c8dcdc5a1d8b.js:0:121053)
    at uM (https://www.cdnw1.houfy.com/69d94904-d7b9-464d-8404-1a91f5029d05/_next/static/chunks/framework-5b48c8dcdc5a1d8b.js:0:99037)
    at uL (https://www.cdnw1.houfy.com/69d94904-d7b9-464d-8404-1a91f5029d05/_next/static/chunks/framework-5b48c8dcdc5a1d8b.js:0:98907)
    at uw (https://www.cdnw1.houfy.com/69d94904-d7b9-464d-8404-1a91f5029d05/_next/static/chunks/framework-5b48c8dcdc5a1d8b.js:0:93980)
    at x (https://www.cdnw1.houfy.com/69d94904-d7b9-464d-8404-1a91f5029d05/_next/static/chunks/framework-5b48c8dcdc5a1d8b.js:0:199543)
    at R (https://www.cdnw1.houfy.com/69d94904-d7b9-464d-8404-1a91f5029d05/_next/static/chunks/framework-5b48c8dcdc5a1d8b.js:0:200073)
[ 1571505ms] Uncaught Error: Minified React error #418; visit https://reactjs.org/docs/error-decoder.html?invariant=418 for the full message or use the non-minified dev environment for full errors and additional helpful warnings.
    at am (https://www.cdnw1.houfy.com/69d94904-d7b9-464d-8404-1a91f5029d05/_next/static/chunks/framework-5b48c8dcdc5a1d8b.js:0:46550)
    at i (https://www.cdnw1.houfy.com/69d94904-d7b9-464d-8404-1a91f5029d05/_next/static/chunks/framework-5b48c8dcdc5a1d8b.js:0:121053)
    at uM (https://www.cdnw1.houfy.com/69d94904-d7b9-464d-8404-1a91f5029d05/_next/static/chunks/framework-5b48c8dcdc5a1d8b.js:0:99037)
    at uL (https://www.cdnw1.houfy.com/69d94904-d7b9-464d-8404-1a91f5029d05/_next/static/chunks/framework-5b48c8dcdc5a1d8b.js:0:98907)
    at uw (https://www.cdnw1.houfy.com/69d94904-d7b9-464d-8404-1a91f5029d05/_next/static/chunks/framework-5b48c8dcdc5a1d8b.js:0:93980)
    at x (https://www.cdnw1.houfy.com/69d94904-d7b9-464d-8404-1a91f5029d05/_next/static/chunks/framework-5b48c8dcdc5a1d8b.js:0:199543)
    at R (https://www.cdnw1.houfy.com/69d94904-d7b9-464d-8404-1a91f5029d05/_next/static/chunks/framework-5b48c8dcdc5a1d8b.js:0:200073)
[ 1571505ms] Uncaught Error: Minified React error #418; visit https://reactjs.org/docs/error-decoder.html?invariant=418 for the full message or use the non-minified dev environment for full errors and additional helpful warnings.
    at am (https://www.cdnw1.houfy.com/69d94904-d7b9-464d-8404-1a91f5029d05/_next/static/chunks/framework-5b48c8dcdc5a1d8b.js:0:46550)
    at i (https://www.cdnw1.houfy.com/69d94904-d7b9-464d-8404-1a91f5029d05/_next/static/chunks/framework-5b48c8dcdc5a1d8b.js:0:121053)
    at uM (https://www.cdnw1.houfy.com/69d94904-d7b9-464d-8404-1a91f5029d05/_next/static/chunks/framework-5b48c8dcdc5a1d8b.js:0:99037)
    at uL (https://www.cdnw1.houfy.com/69d94904-d7b9-464d-8404-1a91f5029d05/_next/static/chunks/framework-5b48c8dcdc5a1d8b.js:0:98907)
    at uw (https://www.cdnw1.houfy.com/69d94904-d7b9-464d-8404-1a91f5029d05/_next/static/chunks/framework-5b48c8dcdc5a1d8b.js:0:93980)
    at x (https://www.cdnw1.houfy.com/69d94904-d7b9-464d-8404-1a91f5029d05/_next/static/chunks/framework-5b48c8dcdc5a1d8b.js:0:199543)
    at R (https://www.cdnw1.houfy.com/69d94904-d7b9-464d-8404-1a91f5029d05/_next/static/chunks/framework-5b48c8dcdc5a1d8b.js:0:200073)
[ 1571506ms] Uncaught Error: Minified React error #423; visit https://reactjs.org/docs/error-decoder.html?invariant=423 for the full message or use the non-minified dev environment for full errors and additional helpful warnings.
    at i (https://www.cdnw1.houfy.com/69d94904-d7b9-464d-8404-1a91f5029d05/_next/static/chunks/framework-5b48c8dcdc5a1d8b.js:0:120712)
    at uM (https://www.cdnw1.houfy.com/69d94904-d7b9-464d-8404-1a91f5029d05/_next/static/chunks/framework-5b48c8dcdc5a1d8b.js:0:99037)
    at uL (https://www.cdnw1.houfy.com/69d94904-d7b9-464d-8404-1a91f5029d05/_next/static/chunks/framework-5b48c8dcdc5a1d8b.js:0:98907)
    at uS (https://www.cdnw1.houfy.com/69d94904-d7b9-464d-8404-1a91f5029d05/_next/static/chunks/framework-5b48c8dcdc5a1d8b.js:0:95678)
    at uw (https://www.cdnw1.houfy.com/69d94904-d7b9-464d-8404-1a91f5029d05/_next/static/chunks/framework-5b48c8dcdc5a1d8b.js:0:94233)
    at x (https://www.cdnw1.houfy.com/69d94904-d7b9-464d-8404-1a91f5029d05/_next/static/chunks/framework-5b48c8dcdc5a1d8b.js:0:199543)
    at R (https://www.cdnw1.houfy.com/69d94904-d7b9-464d-8404-1a91f5029d05/_next/static/chunks/framework-5b48c8dcdc5a1d8b.js:0:200073)
